> Task :processResources UP-TO-DATE
> Task :quarkusGenerateAppModel UP-TO-DATE
> Task :quarkusGenerateCode UP-TO-DATE
> Task :compileJava UP-TO-DATE
> Task :classes UP-TO-DATE
> Task :compileQuarkusTestGeneratedSourcesJava NO-SOURCE
> Task :quarkusGenerateTestAppModel UP-TO-DATE
> Task :quarkusGenerateCodeTests UP-TO-DATE
> Task :compileTestJava UP-TO-DATE
> Task :processTestResources NO-SOURCE
> Task :testClasses UP-TO-DATE
> Task :test UP-TO-DATE

BUILD SUCCESSFUL in 1s
8 actionable tasks: 8 up-to-date
Consider enabling configuration cache to speed up this build: https://docs.gradle.org/9.3.1/userguide/configuration_cache_enabling.html
